### audit-r1 复算 (哈希 14a34c9b/5791c1ca/a3e6881e 版本)：5 文件
bun test v1.3.14 (0d9b296a)

apps/electron/src/main/lib/nanju-engineering-process-driver.test.ts:
(pass) Given 明确批准的隔离工程fixture，When 使用注册进程驱动，Then 执行并收集实际结果 > Then 真实node子进程读取目标，宿主使用实际退出码 [91.09ms]
(pass) Given 明确批准的隔离工程fixture，When 使用注册进程驱动，Then 执行并收集实际结果 > Then 子进程退出异常不能由输出报告覆盖 [97.71ms]
(pass) Given 明确批准的隔离工程fixture，When 使用注册进程驱动，Then 执行并收集实际结果 > Then 等待超时终止测试，不伪造pass [116.97ms]
(pass) Given 明确批准的隔离工程fixture，When 使用注册进程驱动，Then 执行并收集实际结果 > Then 输出超过上限终止测试 [78.67ms]
(pass) Given 明确批准的隔离工程fixture，When 使用注册进程驱动，Then 执行并收集实际结果 > Then 缺少配置的运行时只报告环境阻塞 [1.34ms]
(pass) Given schema v2 契约声明 driver.env，When 驱动执行，Then 白名单∪契约 env 生效 > Then 声明的环境变量透传到子进程（子进程行为回显，非 /proc 读取） [71.84ms]
(pass) Given schema v2 契约声明 driver.env，When 驱动执行，Then 白名单∪契约 env 生效 > Then 未声明的变量不透传（白名单∪契约 env，不是全量继承） [101.55ms]
(pass) Given schema v2 契约声明 driver.env，When 驱动执行，Then 白名单∪契约 env 生效 > Then 过渡期兜底：DASHSCOPE_API_KEY 仍透传（防空窗；触发件满足后独立提交移除） [73.30ms]
(pass) Given 驱动写 stderr，When 执行完成或失败，Then IO 尾部进结果 > Then 成功返回但检查缺失（invalid 路径）时 driverIo 随结果透传 [70.69ms]
(pass) Given 驱动写 stderr，When 执行完成或失败，Then IO 尾部进结果 > Then 驱动崩溃（非法 JSON 输出，exit 1）时 driverIo 随错误透传 [68.30ms]
(pass) Given 契约声明 env 且驱动调试残留回显环境变量，When 驱动执行，Then 尾部透传前已脱敏 > Then 已知注入值在 stderr 尾部被掩为 ***，正常诊断行不受伤 [80.13ms]
(pass) Given 已启动的测试子进程 When 用户取消 Then 进程结束且结果为blocked [56.64ms]
(pass) Given 宿主已安装Python3 When 逐项批准后执行隔离fixture Then 使用真实解释器与OS退出码 [82.71ms]
(pass) Given 驱动文件在执行窗口内缺失或不是普通文件，When 调用注册驱动，Then 归一为EngineeringExecutionBlocked > Then 缺文件抛 EngineeringExecutionBlocked 而不是裸 ENOENT，且不在调用处同步 throw [2.34ms]
(pass) Given 驱动文件在执行窗口内缺失或不是普通文件，When 调用注册驱动，Then 归一为EngineeringExecutionBlocked > Then 驱动路径不是普通文件（目录占位）同样归类为驱动文件不可用 [3.23ms]
(pass) Given 并发驱动子进程数上限，When 超限执行，Then 后续执行 blocked（不产生进程洪峰） > Then maxConcurrentProcesses=1 时第二个并发执行 blocked [316.85ms]
(pass) Given 已启动的驱动子进程，When 取消/超时，Then 子进程被回收（PID 不再存活） > Then 取消后驱动子进程 PID 不再存活 [428.00ms]
(pass) Given 已启动的驱动子进程，When 取消/超时，Then 子进程被回收（PID 不再存活） > Then 超时后驱动子进程 PID 不再存活 [330.35ms]

apps/electron/src/main/lib/nanju-driver-skeleton.test.ts:
(pass) Given 宿主已装Python3的L2-5驱动骨架（无Python3时跳过——Node侧describe已覆盖同语义五项自检，不视为失败），When 构造R2/A3/R3/环境缺失样例驱动真实spawn执行，Then 自检按退出码表拦截或产出结构化error > Then 照抄直跑（未填充）产出TODO fail检查（exit 1），永不静默、永不假pass [52.03ms]
(pass) Given 宿主已装Python3的L2-5驱动骨架（无Python3时跳过——Node侧describe已覆盖同语义五项自检，不视为失败），When 构造R2/A3/R3/环境缺失样例驱动真实spawn执行，Then 自检按退出码表拦截或产出结构化error > Then 合法probe路径（expected==actual）exit 0 且storyId逐字保留 [61.83ms]
(pass) Given 宿主已装Python3的L2-5驱动骨架（无Python3时跳过——Node侧describe已覆盖同语义五项自检，不视为失败），When 构造R2/A3/R3/环境缺失样例驱动真实spawn执行，Then 自检按退出码表拦截或产出结构化error > Then R2类：acceptance下storyId空串被工厂拦截为结构化error（含R2指引），不产出无storyId的checks（ATK-L-006） [78.40ms]
(pass) Given 宿主已装Python3的L2-5驱动骨架（无Python3时跳过——Node侧describe已覆盖同语义五项自检，不视为失败），When 构造R2/A3/R3/环境缺失样例驱动真实spawn执行，Then 自检按退出码表拦截或产出结构化error > Then R2类对偶：辅助测试（covers空）storyId非null同样被拦截 [57.78ms]
(pass) Given 宿主已装Python3的L2-5驱动骨架（无Python3时跳过——Node侧describe已覆盖同语义五项自检，不视为失败），When 构造R2/A3/R3/环境缺失样例驱动真实spawn执行，Then 自检按退出码表拦截或产出结构化error > Then A3类：同源probe返回同义文案被如实标记fail（exit 1），非假pass（ATK-L-006） [53.23ms]
(pass) Given 宿主已装Python3的L2-5驱动骨架（无Python3时跳过——Node侧describe已覆盖同语义五项自检，不视为失败），When 构造R2/A3/R3/环境缺失样例驱动真实spawn执行，Then 自检按退出码表拦截或产出结构化error > Then R3类崩溃（raise路径）：产出结构化error JSON可判读（type/exit_code/traceback摘要）+exit 1，而非静默（ATK-L-006/Z-005） [82.71ms]
(pass) Given 宿主已装Python3的L2-5驱动骨架（无Python3时跳过——Node侧describe已覆盖同语义五项自检，不视为失败），When 构造R2/A3/R3/环境缺失样例驱动真实spawn执行，Then 自检按退出码表拦截或产出结构化error > Then R3类崩溃（sys.exit(7)路径）：SystemExit被包裹为结构化error（exit_code=7）后按原退出码退出（ATK-Z-005） [59.22ms]
(pass) Given 宿主已装Python3的L2-5驱动骨架（无Python3时跳过——Node侧describe已覆盖同语义五项自检，不视为失败），When 构造R2/A3/R3/环境缺失样例驱动真实spawn执行，Then 自检按退出码表拦截或产出结构化error > Then 环境前置自检：DISPLAY缺失（测试态注入）exit 2 且输出结构化 blocked 标记，blocked而非error（ATK-F-008） [59.63ms]
(pass) Given 宿主已装Python3的L2-5驱动骨架（无Python3时跳过——Node侧describe已覆盖同语义五项自检，不视为失败），When 构造R2/A3/R3/环境缺失样例驱动真实spawn执行，Then 自检按退出码表拦截或产出结构化error > Then 环境前置自检：密钥类变量缺失（MY_API_KEY样例）同样exit 2且输出结构化 blocked 标记 [72.03ms]
(pass) Given 宿主已装Python3的L2-5驱动骨架（无Python3时跳过——Node侧describe已覆盖同语义五项自检，不视为失败），When 构造R2/A3/R3/环境缺失样例驱动真实spawn执行，Then 自检按退出码表拦截或产出结构化error > Then sys.exit(0)表外路径：结构化error如实记exit_code=0但退出码非零（防静默优先，ATK-Z-005 两读法取非零读法） [64.01ms]
(pass) Given 宿主已装Python3的L2-5驱动骨架（无Python3时跳过——Node侧describe已覆盖同语义五项自检，不视为失败），When 构造R2/A3/R3/环境缺失样例驱动真实spawn执行，Then 自检按退出码表拦截或产出结构化error > Then emit_result schema违规（checks空/字段形态非法）被③拦截为 exit 2 结构拦截，不产出非法协议输出 [58.09ms]
(pass) Given L2-5驱动骨架Node运行时（系统Node真实spawn），When 构造R2/A3/R3/环境缺失样例驱动执行，Then 同语义五项自检按退出码表拦截或产出结构化error > Then 照抄直跑（未填充）产出TODO fail检查（exit 1） [52.23ms]
(pass) Given L2-5驱动骨架Node运行时（系统Node真实spawn），When 构造R2/A3/R3/环境缺失样例驱动执行，Then 同语义五项自检按退出码表拦截或产出结构化error > Then 合法probe路径（expected===actual）exit 0 [77.78ms]
(pass) Given L2-5驱动骨架Node运行时（系统Node真实spawn），When 构造R2/A3/R3/环境缺失样例驱动执行，Then 同语义五项自检按退出码表拦截或产出结构化error > Then R2类：acceptance下storyId空串被工厂拦截为结构化error（含R2指引），不产出无storyId的checks（ATK-L-006） [57.07ms]
(pass) Given L2-5驱动骨架Node运行时（系统Node真实spawn），When 构造R2/A3/R3/环境缺失样例驱动执行，Then 同语义五项自检按退出码表拦截或产出结构化error > Then A3类：同源probe返回同义文案被如实标记fail（exit 1），非假pass（ATK-L-006） [62.29ms]
(pass) Given L2-5驱动骨架Node运行时（系统Node真实spawn），When 构造R2/A3/R3/环境缺失样例驱动执行，Then 同语义五项自检按退出码表拦截或产出结构化error > Then R3类崩溃（同步throw路径）：结构化error JSON + exit 1，而非静默（ATK-L-006） [67.28ms]
(pass) Given L2-5驱动骨架Node运行时（系统Node真实spawn），When 构造R2/A3/R3/环境缺失样例驱动执行，Then 同语义五项自检按退出码表拦截或产出结构化error > Then R3类崩溃（异步throw路径）：uncaughtException兜底产出结构化error + exit 1（Node侧④的最大包裹范围） [60.14ms]
(pass) Given L2-5驱动骨架Node运行时（系统Node真实spawn），When 构造R2/A3/R3/环境缺失样例驱动执行，Then 同语义五项自检按退出码表拦截或产出结构化error > Then 环境前置自检：DISPLAY缺失（测试态注入）exit 2 且输出结构化 blocked 标记，blocked而非error（ATK-F-008） [41.06ms]

apps/electron/src/main/lib/nanju-driver-blocked-protocol.test.ts:
(pass) Given 结构化环境阻塞标记（新协议），When 宿主解释，Then 校验来源/诊断/未执行后才判 blocked > Then 合法 blocked 标记（exit 2 + missing + scenarioExecuted=false + checks空）判 blocked 且 coveredUs 为空 [3.20ms]
(pass) Given 结构化环境阻塞标记（新协议），When 宿主解释，Then 校验来源/诊断/未执行后才判 blocked > Then blocked 标记与 exit 0 冲突 → error（异常 exit 不洗成环境阻塞） [2.39ms]
(pass) Given 结构化环境阻塞标记（新协议），When 宿主解释，Then 校验来源/诊断/未执行后才判 blocked > Then blocked 标记声称场景已执行（scenarioExecuted=true）→ error（与 blocked 语义冲突） [2.25ms]
(pass) Given 结构化环境阻塞标记（新协议），When 宿主解释，Then 校验来源/诊断/未执行后才判 blocked > Then blocked 标记缺 missing（空数组）→ error（无法校验诊断来源） [2.31ms]
(pass) Given 结构化环境阻塞标记（新协议），When 宿主解释，Then 校验来源/诊断/未执行后才判 blocked > Then blocked 标记携带产品检查 → error（阻塞结果不得混入产品断言） [2.59ms]
(pass) Given 旧协议 exit-2 自检拦截（已复制到存量工程的旧骨架），When 宿主解释，Then 兼容映射 > Then 旧「环境前置自检」exit 2 → blocked（环境，向后兼容） [2.21ms]
(pass) Given 旧协议 exit-2 自检拦截（已复制到存量工程的旧骨架），When 宿主解释，Then 兼容映射 > Then 旧「输出schema自检」exit 2 → error（坏 schema 不得洗成 blocked） [2.36ms]
(pass) Given 伪造/异常 exit 2，When 宿主解释，Then 不被洗成 blocked > Then 伪造 exit 2（正常产品检查但 expected≠actual）→ fail 而非 blocked（exit 2 不能洗成环境阻塞） [2.42ms]
(pass) Given 伪造/异常 exit 2，When 宿主解释，Then 不被洗成 blocked > Then exit 2 但 checks 为空且无 blocked 标记 → error（无行为检查，缺结构化阻塞标记） [3.14ms]
(pass) Given legacy 伪装产品失败（label=环境前置自检 但签名不符），When 宿主解释，Then 不判 blocked > Then expected 非「环境就绪」→ 不判 blocked（落回产品 fail） [2.97ms]
(pass) Given legacy 伪装产品失败（label=环境前置自检 但签名不符），When 宿主解释，Then 不判 blocked > Then actual 无「缺失: 」前缀（产品断言失败伪装）→ 不判 blocked [3.09ms]
(pass) Given legacy 伪装产品失败（label=环境前置自检 但签名不符），When 宿主解释，Then 不判 blocked > Then evidence 为空数组 → 不判 blocked（缺可信来源，归 error） [3.10ms]
(pass) Given legacy 伪装产品失败（label=环境前置自检 但签名不符），When 宿主解释，Then 不判 blocked > Then actual「缺失: 」后为空 → 不判 blocked（诊断无实际缺失项） [2.12ms]
(pass) Given legacy 伪装产品失败（label=环境前置自检 但签名不符），When 宿主解释，Then 不判 blocked > Then 多条 checks（非单条签名）→ 不判 blocked [2.57ms]
(pass) Given 真实骨架经 process driver 跑宿主，When 环境阻塞/通过/失败/崩溃/取消/伪造，Then 状态与修复预算一致 > Then 骨架环境阻塞（声明变量缺失）→ blocked，coveredUs 空（不计入产品修复预算） [57.55ms]
(pass) Given 真实骨架经 process driver 跑宿主，When 环境阻塞/通过/失败/崩溃/取消/伪造，Then 状态与修复预算一致 > Then 骨架 probe 通过 → pass [46.64ms]
(pass) Given 真实骨架经 process driver 跑宿主，When 环境阻塞/通过/失败/崩溃/取消/伪造，Then 状态与修复预算一致 > Then 骨架 probe 不符 → fail（产品失败，非环境阻塞） [71.06ms]
(pass) Given 真实骨架经 process driver 跑宿主，When 环境阻塞/通过/失败/崩溃/取消/伪造，Then 状态与修复预算一致 > Then 骨架 probe 崩溃 → error（结构化 error JSON 后 exit 1） [67.47ms]
(pass) Given 真实骨架经 process driver 跑宿主，When 环境阻塞/通过/失败/崩溃/取消/伪造，Then 状态与修复预算一致 > Then 骨架挂起后取消 → blocked（取消，reason 含取消） [109.60ms]
(pass) Given 真实骨架经 process driver 跑宿主，When 环境阻塞/通过/失败/崩溃/取消/伪造，Then 状态与修复预算一致 > Then 伪造 exit 2（正常产品检查 + exit 2）→ fail 而非 blocked（exit 2 不足以证明 blocked） [99.82ms]
(pass) Given Python 骨架经 process driver 跑宿主，When 环境阻塞，Then 判 blocked 且 coveredUs 空 > Then Python 骨架环境阻塞（声明变量缺失）→ blocked，coveredUs 空，不消耗产品修复预算 [78.04ms]
(pass) Given 驱动返回 blocked 结果，When 运行工程套件，Then verdict=blocked 且 coveredUs 空 > Then suite verdict=blocked（非 fail），不进入产品修复预算 [5.42ms]

apps/electron/src/main/lib/nanju-engineering-suite.test.ts:
(pass) Given 全部工程计划 When 辅助测试和验收均执行 Then 汇总分列且只计算验收覆盖 [3.97ms]
(pass) Given 辅助测试失败 When 用户故事检查通过 Then 不能忽略辅助失败交付 [4.92ms]
(pass) Given 真实系统能力要求 When 项目驱动自报检查通过 Then 仍等待独立证据 [4.91ms]
(pass) Given 部分驱动尚未注册 When 开始整套工程测试 Then 不批准任何执行 [1.48ms]
(pass) Given 全量环境预检意外异常 When 运行工程套件 Then 返回error而不是裸抛中断报告 [2.03ms]

apps/electron/src/main/lib/nanju-engineering-execution.test.ts:
(pass) Given 宿主注册的工程测试驱动，When 请求执行，Then 严守批准与版本边界 > Then 没有注册驱动时不请求批准、不执行 [1.70ms]
(pass) Given 宿主注册的工程测试驱动，When 请求执行，Then 严守批准与版本边界 > Then 用户拒绝时不调用驱动 [1.50ms]
(pass) Given 宿主注册的工程测试驱动，When 请求执行，Then 严守批准与版本边界 > Then 批准期间版本更新，旧批准失效 [3.05ms]
(pass) Given 宿主注册的工程测试驱动，When 请求执行，Then 严守批准与版本边界 > Then 已取消时既不批准也不执行 [4.28ms]
(pass) Given 实际驱动返回值，When 解释结果，Then 退出成功不代替行为断言 > Then 完整结果只能证明注册驱动记录的断言，仍需产品验收 [2.99ms]
(pass) Given 实际驱动返回值，When 解释结果，Then 退出成功不代替行为断言 > Then 只有退出0或错误对象的报告不可通过 [5.76ms]
(pass) Given 实际驱动返回值，When 解释结果，Then 退出成功不代替行为断言 > Then 期望与实际不符为行为失败而非环境阻塞 [8.69ms]
(pass) Given 实际驱动返回值，When 解释结果，Then 退出成功不代替行为断言 > Then 测试后版本变化，本轮结果不用于交付 [3.56ms]
(pass) Given 驱动预检意外异常 When 运行单项 Then 返回可报告的error且不申请批准 [2.74ms]

 72 pass
 0 fail
 210 expect() calls
Ran 72 tests across 5 files. [3.91s]
