### audit-r1 对 B0 基线的独立抽查（副本 /dev/shm/proma-p1-baseline-cfce = git archive HEAD 34f72fbc）

--- 抽查1：B 类环境依赖对照 PROMA_DEV=0（B0 声称 35 pass / 0 fail）

 35 pass
 0 fail
 169 expect() calls
Ran 35 tests across 1 file. [124.00ms]

--- 抽查2：A 类污染受害文件单跑（B0 声称 5 pass / 0 fail）

 5 pass
 0 fail
 6 expect() calls
Ran 5 tests across 1 file. [256.00ms]

--- 抽查3：D 类遗留加载错误（B0 声称 Cannot find module ../src/coder/coder-engine-stub）


 0 pass
 1 fail
 1 error
Ran 1 test across 1 file. [33.00ms]

--- 抽查4：PROMA_DEV=1 同文件对照（B0 声称 30 pass / 5 fail）

 30 pass
 5 fail
 159 expect() calls
Ran 35 tests across 1 file. [134.00ms]
