bun test v1.3.14 (0d9b296a)

apps/electron/src/main/lib/nanju-engineering-template.test.ts:
(pass) extractProjectCategoryFromDoc > 提取标准标记（projectCategory: desktop-app） [2.09ms]
(pass) extractProjectCategoryFromDoc > 支持中文冒号与引号包裹 [0.22ms]
(pass) extractProjectCategoryFromDoc > 多次出现取最后一次（修订覆盖正文语义） [0.06ms]
(pass) extractProjectCategoryFromDoc > 非枚举值视为无效（防误提取代码变量名等） [0.05ms]
(pass) extractProjectCategoryFromDoc > 无标记返回 null（降级路径入口） [0.03ms]
(pass) extractProjectCategoryFromDoc > 大小写不敏感（ProjectCategory: DESKTOP-APP 归一） [0.04ms]
(pass) resolveProjectCategoryForCoding > architecture.md 标记优先于 prd.md（终判修正初判） [1.28ms]
(pass) resolveProjectCategoryForCoding > 无 architecture 时回落 prd.md（quick 模式路径） [0.43ms]
(pass) resolveProjectCategoryForCoding > 两处均无标记返回 null（调用方降级 web-fullstack） [0.24ms]
(pass) resolveProjectCategoryForCoding > 标记值非枚举等同无标记 [0.38ms]
(pass) resolveEngineeringTemplatesDir / materializeEngineeringTemplate > 显式 baseDir 注入（测试不依赖 electron app 对象） [0.21ms]
(pass) resolveEngineeringTemplatesDir / materializeEngineeringTemplate > materialize 复制模板全文到项目 00_ENGINEERING_TEMPLATE/template.md（需完整 11 文件 + manifest） [9.51ms]
[工程模板] 资源验证失败（projectId=project-n, category=desktop-app）：禁止 silently fallback 到旧源
  [blocking] manifest-missing: 资源目录不存在：/tmp/nanju-eng-tpl-T3CbOF/_empty_resources/nanju-engineering-templates（manifest.json 与品类模板均无法验证）
(pass) resolveEngineeringTemplatesDir / materializeEngineeringTemplate > 资源缺失返回 null（不抛错，coding 侧降级仅注入要点） [0.66ms]
(pass) resolveEngineeringTemplatesDir / materializeEngineeringTemplate > 仓库实际资源可用（6 品类模板齐全，回退 cwd 解析） [0.30ms]
(pass) resolveEngineeringTemplatesDir / materializeEngineeringTemplate > getProjectTemplateDir 指向项目目录内 [0.29ms]
(pass) buildCategoryGuideLines > desktop-app：品类声明 + 要点 + 载体对齐 + 模板全文引用 [0.46ms]
(pass) buildCategoryGuideLines > default 降级：注入品类自检（第二道防线） [0.14ms]
(pass) buildCategoryGuideLines > 模板未落位时省略全文引用但不报错 [0.15ms]
(pass) buildCategoryGuideLines > 六品类元数据完备（label/oneLiner/载体角色非空） [0.13ms]
(pass) setProjectCategory / getProjectCategory > 写入与读回（保留既有 phaseGuards 等字段） [1.98ms]
(pass) setProjectCategory / getProjectCategory > 无文件时返回 null；写入自动补骨架 [0.60ms]
(pass) setProjectCategory / getProjectCategory > isProjectCategory 枚举校验 [0.14ms]
(pass) P0-4：desktop v2 双路径白名单兼容（形态定死：单元级逐条 + 集成级门禁不拦断） > Then 单元级：P1 快速验证路径组件逐条过白名单（测试定死最小集） [0.41ms]
(pass) P0-4：desktop v2 双路径白名单兼容（形态定死：单元级逐条 + 集成级门禁不拦断） > Then 单元级：v2 模板 §2.1/§2.2 其余组件与降级替代项同步过白名单 [0.10ms]
(pass) P0-4：desktop v2 双路径白名单兼容（形态定死：单元级逐条 + 集成级门禁不拦断） > Then 集成级：v2 desktop 模板 §2.1 清单为 fixture 走门禁路径不拦断（parseEnvChecklistFromDoc → validateEnvChecklist） [1.23ms]
(pass) P0-4：desktop v2 双路径白名单兼容（形态定死：单元级逐条 + 集成级门禁不拦断） > Then 双路径文案：CATEGORY_META desktop-app 注入改双路径（P1 Python 快速验证 / P2 Tauri 正式交付） [0.09ms]
(pass) P0-4：desktop v2 双路径白名单兼容（形态定死：单元级逐条 + 集成级门禁不拦断） > Then v2 模板编号节头不匹配环境节正则 → 降级白名单模式（核对性断言：正则不改，兼容由白名单保障） [0.53ms]
(pass) validateEnvChecklist（R2 第 4 层兜底） > 合法组件（品类白名单 + 共享集）通过 [0.14ms]
(pass) validateEnvChecklist（R2 第 4 层兜底） > typo 组件拦截（rustcc / nodee 不在白名单） [0.36ms]
(pass) validateEnvChecklist（R2 第 4 层兜底） > 跨品类组件拦截（desktop-app 清单含 xcodebuild → 不在 desktop 白名单） [0.19ms]
(pass) validateEnvChecklist（R2 第 4 层兜底） > 空清单拦截（环境节缺失/表格为空） [0.10ms]
(pass) validateEnvChecklist（R2 第 4 层兜底） > 组件名大小写归一（Rustc/CARGO 视同 rustc/cargo；trailing 空格容忍） [0.12ms]
(pass) validateEnvChecklist（R2 第 4 层兜底） > 模板有「环境」节时以模板清单为准（覆盖白名单：模板含 deno 则 deno 合法） [0.29ms]
(pass) validateEnvChecklist（R2 第 4 层兜底） > 品类六枚举校验链（isProjectCategory 接入校验层，B5） [0.23ms]
(pass) extractRawCategoryMarker（宽松品类标记提取，R2 品类幻觉拦截） > 提取最后一次出现的原始值（不限枚举——非法值也要能看见） [0.24ms]
(pass) extractRawCategoryMarker（宽松品类标记提取，R2 品类幻觉拦截） > 无标记返回 null；projectEnv 行不误匹配 [0.05ms]
(pass) extractRawCategoryMarker（宽松品类标记提取，R2 品类幻觉拦截） > 与 extractProjectCategoryFromDoc 互补：枚举限定提取只见合法值 [0.06ms]
(pass) parseEnvChecklistFromDoc（architecture.md 环境节解析） > 提取表格第一列（跳过表头与分隔行）；节截止于下一标题 [0.08ms]
(pass) parseEnvChecklistFromDoc（architecture.md 环境节解析） > 无环境节 → 空数组 [0.04ms]
(pass) materializeEngineeringTemplate 前移标注（R3 前移契约） > annotateInitialGuess：模板头部注入「⏳ 初判参考」标注行 [6.76ms]
(pass) materializeEngineeringTemplate 前移标注（R3 前移契约） > 默认（无 opts）：纯复制无标注（coding 权威落位不变） [7.04ms]
[工程模板] 资源验证失败（projectId=x, category=desktop-app）：禁止 silently fallback 到旧源
  [blocking] manifest-missing: manifest.json 缺失：/tmp/nanju-eng-tpl-W7t7h0/_resources/nanju-engineering-templates/manifest.json（v0.17.131+task4 起资源完整性依赖 manifest；缺失则视为未分发资源，禁止宣称部署成功）
(pass) Task 4 修订：real materialize 必走 manifest verify > 真实 materialize 缺 manifest 必拒（返回 null；不静默 fallback） [1.32ms]
[工程模板] 资源验证失败（projectId=tamper, category=desktop-app）：禁止 silently fallback 到旧源
  [blocking] size-mismatch: 文件大小不一致：desktop-app.md（manifest=51B，实际=22B）
  [blocking] hash-mismatch: SHA256 不一致：desktop-app.md（manifest=edcd1fc9d98e1459…，实际=301bcb7660a422b4…）
(pass) Task 4 修订：real materialize 必走 manifest verify > 真实 materialize 篡改资源（hash mismatch）必拒 [4.67ms]
[工程模板] 资源验证失败（projectId=missing, category=desktop-app）：禁止 silently fallback 到旧源
  [blocking] file-missing: 必需资源缺失：web-fullstack.md（manifest 声明 required=true）
(pass) Task 4 修订：real materialize 必走 manifest verify > 真实 materialize 缺品类条目（required 文件未实际创建）必拒 [3.27ms]
(pass) Task 4 修订：real materialize 必走 manifest verify > 真实 materialize 成功：Spike 协议同段落位到项目 00_ENGINEERING_TEMPLATE/ [5.81ms]
(pass) Task 4 修订：real materialize 必走 manifest verify > 真实 materialize 成功：check_env.sh + driver-skeleton 双文件同段落位 [4.48ms]
(pass) Task 4 修订：real materialize 必走 manifest verify > 真实 materialize 成功：项目侧 template-manifest.json 包含 templateVersion/templateHash/bundleHash [3.62ms]
(pass) Task 4 修订：real materialize 必走 manifest verify > 项目侧 landedTemplateHash = 实际复制文件 hash（S-1：交付后核验链） [3.92ms]
(pass) Task 4 修订：real materialize 必走 manifest verify > materializeEngineeringTemplateWithVerification 返回结构化结果：成功时含完整诊断 [4.49ms]
(pass) Task 4 修订：real materialize 必走 manifest verify > materializeEngineeringTemplateWithVerification：缺 manifest 返回结构化诊断 [0.66ms]
(pass) S-1：materialize 实测算落地 hash + 复制前后源变更拒绝 + shared 落位 hash > 落位成功：project template-manifest.json 含 landedTemplateHash + sharedLanded [4.74ms]
(pass) S-1：materialize 实测算落地 hash + 复制前后源变更拒绝 + shared 落位 hash > 落位成功：landedTemplateHash = 项目侧 template.md 实测 hash（交付后核验链） [3.26ms]
(pass) S-1：materialize 实测算落地 hash + 复制前后源变更拒绝 + shared 落位 hash > 落位成功：annotateInitialGuess 路径 → landedTemplateHash != templateHash（注入可观测） [3.31ms]
(pass) S-1：materialize 实测算落地 hash + 复制前后源变更拒绝 + shared 落位 hash > 复制期间源被改写（外部写者模拟）→ 拒绝（落位 hash 与源不一致） [3.09ms]
(pass) S-1：materialize 实测算落地 hash + 复制前后源变更拒绝 + shared 落位 hash > landedTemplateHash 与源不一致（人造罕见情况）→ 拒绝并清理 dest [3.80ms]
(pass) L2-5：driver-skeleton.py/.cjs 随品类模板落位（模版 §5 引用「与本文件同目录」由此闭环） > Given 权威落位 When materialize Then 骨架双文件与 check_env.sh 同段落位 00_ENGINEERING_TEMPLATE/ [5.17ms]
(pass) L2-5：driver-skeleton.py/.cjs 随品类模板落位（模版 §5 引用「与本文件同目录」由此闭环） > Given 资源缺失（显式 base 无骨架）When materialize Then 模板落位不受影响（内层容错） [4.47ms]
(pass) L2-4 J2：check_env.sh 随品类模板落位（前移落位与权威落位同机制） > Given 权威落位（coding 推进钩子）When materialize Then check_env.sh 落位 00_ENGINEERING_TEMPLATE/（通用版原样复制） [3.75ms]
(pass) L2-4 J2：check_env.sh 随品类模板落位（前移落位与权威落位同机制） > Given 前移落位（annotateInitialGuess，prototype→architecture 推进钩子）When materialize Then check_env.sh 同时机落位 [4.60ms]
(pass) L2-4 J2：check_env.sh 随品类模板落位（前移落位与权威落位同机制） > Given 重复落位 When materialize 幂等重跑 Then check_env.sh 覆盖重写（源相同幂等） [8.62ms]
(pass) 前移契约：architecture 推进仅 materialize 不写 projectCategory（B2） > materialize 落位后 projectCategory 仍为 null（品类写入只在 coding 推进钩子） [5.84ms]
(pass) setProjectEnvState / 品类变更重置（B3 + R8） > 置位与读回：envReady/envCheck/checkedAt [0.77ms]
(pass) setProjectEnvState / 品类变更重置（B3 + R8） > 未置位（存量项目）：envReady undefined + 空缺失清单（门禁豁免口径） [0.32ms]
(pass) setProjectEnvState / 品类变更重置（B3 + R8） > 品类变更重置 envReady（R8：desktop→cli 时清未检查态）；同品类不变 [2.00ms]
(pass) parseProjectEnvMarker（M3 正则放宽） > 标准形态：ready / missing 半角冒号逗号 [0.37ms]
(pass) parseProjectEnvMarker（M3 正则放宽） > 放宽形态：行首缩进 / projectEnv 与冒号间空白 / 冒号后空白 [0.07ms]
(pass) parseProjectEnvMarker（M3 正则放宽） > 全角容错：全角冒号（主体与 missing 后）+ 全角逗号/顿号分隔 [0.15ms]
(pass) parseProjectEnvMarker（M3 正则放宽） > 多行取最后一次（文档修订覆盖正文）；missing 无组件清单 → 空数组 [0.06ms]
(pass) parseProjectEnvMarker（M3 正则放宽） > 无标记行 → null（调用方 warn + 不置位） [0.04ms]
(pass) syncProjectEnvStateFromArchitectureDoc（M4 共用函数：解析+置位+幂等） > 解析标记行并置位（ready→true；missing→false+缺失组件 ok=false） [4.89ms]
(pass) syncProjectEnvStateFromArchitectureDoc（M4 共用函数：解析+置位+幂等） > 幂等：状态未变不重写（第二次调用后 checkedAt 不变） [1.57ms]
[南大环境] architecture.md 存在但未解析到 projectEnv 标记行（projectId=m4c）：环境状态不置位，门禁按未检查豁免放行——请核实 L2 是否按指令输出结尾标记行
(pass) syncProjectEnvStateFromArchitectureDoc（M4 共用函数：解析+置位+幂等） > 无标记行：不置位（envReady 保持 undefined——门禁豁免口径）+ 架构文档缺失不抛 [0.79ms]
(pass) W24-10 parseEnvChecklistFromDoc 节头后缀容忍 > 节头带注释后缀（实测形态「## 环境配置（探测时间 …）」）→ 正常解析组件清单 [0.15ms]
(pass) W24-10 parseEnvChecklistFromDoc 节头后缀容忍 > 原有严格形态（## 环境配置 无后缀）与「## 环境」短形态保持可解析 [0.06ms]
(pass) W24-10 parseEnvChecklistFromDoc 节头后缀容忍 > 非环境节（## 环境变化分析）不误配 [0.03ms]
(pass) W24-10 环境组件白名单扩容与复合名拆分 > desktop-app：Tauri Linux 真实依赖（webkit2gtk-4.1/gtk+-3.0/libsoup/ayatana）过白名单 [0.05ms]
(pass) W24-10 环境组件白名单扩容与复合名拆分 > 复合名合写「pkg-config / cc (gcc)」拆 token 全过；DISPLAY 归一为 display 过共享集 [0.07ms]
(pass) W24-10 环境组件白名单扩容与复合名拆分 > 真幻觉包名仍拦（nodej 之类 typo） [0.06ms]

apps/electron/src/main/lib/nanju-engineering-resources.test.ts:
(pass) resolveAuthoritativeResourcesPath（Task 4 修订：extraResources 权威） > 显式 base → dev-explicit 模式 [0.10ms]
(pass) resolveAuthoritativeResourcesPath（Task 4 修订：extraResources 权威） > 非 Electron 环境 + cwd 在仓库根 → dev-cwd 模式 + 命中真实资源 [0.09ms]
(pass) resolveAuthoritativeResourcesPath（Task 4 修订：extraResources 权威） > 非 Electron 环境 + cwd 无资源 → dev-cwd 模式 + resourceDirExists=false（verify 报 manifest-missing） [0.09ms]
(pass) resolveAuthoritativeResourcesPath（Task 4 修订：extraResources 权威） > 非 Electron 环境下也无 fallback 链：resolveAuthoritativeResourcesPath 不再探测 asar 候选 [0.03ms]
(pass) resolveEngineeringTemplatesDirInternal（兼容既有 import） > 显式 base 输入 → 路径完全一致 [0.50ms]
(pass) resolveEngineeringTemplatesDirInternal（兼容既有 import） > 非 Electron 环境 + cwd 在仓库根时定位到真实资源目录 [0.09ms]
(pass) extractTemplateVersion > 优先解析元信息行 `> 版本：vX.Y` [0.05ms]
(pass) extractTemplateVersion > 元信息行带全角冒号亦解析 [0.02ms]
(pass) extractTemplateVersion > 无元信息行时回退 H1 中的 vX.Y [0.05ms]
(pass) extractTemplateVersion > 无版本标记返回 null [0.03ms]
(pass) extractTemplateVersion > 空字符串 / 空白也返回 null [0.06ms]
(pass) computeFileSha256 > 已知内容 → 已知 hash [0.45ms]
(pass) computeFileSha256 > 文件不存在 → null [0.05ms]
(pass) validatePathSafety（路径安全，S-9 修订：返回 {message, kind}） > 合法相对路径 → null [0.46ms]
(pass) validatePathSafety（路径安全，S-9 修订：返回 {message, kind}） > 绝对路径（POSIX） → kind=absolute-path [0.12ms]
(pass) validatePathSafety（路径安全，S-9 修订：返回 {message, kind}） > 绝对路径（Windows 盘符） → kind=absolute-path [0.04ms]
(pass) validatePathSafety（路径安全，S-9 修订：返回 {message, kind}） > 路径遍历 `..` → kind=path-traversal [0.05ms]
(pass) validatePathSafety（路径安全，S-9 修订：返回 {message, kind}） > 符号链接逃逸 → kind=symlink-escape [0.45ms]
(pass) validatePathSafety（路径安全，S-9 修订：返回 {message, kind}） > 空字符串 / 非字符串 → kind=empty-path [0.07ms]
(pass) loadManifest > fixture 中不存在 manifest.json → null [0.28ms]
(pass) loadManifest > manifest.json 存在但字段缺失 → null（不可解析） [0.38ms]
(pass) loadManifest > manifest.json 不可解析（JSON 损坏） → null [0.49ms]
(pass) loadManifest > 合法 manifest → 解析成功（strict schema 在 verify 阶段执行） [1.38ms]
(pass) validateManifestSchema（strict） > 完整合规 manifest → issues 为空 [1.36ms]
(pass) validateManifestSchema（strict） > 缺品类 → blocking manifest-unparseable [1.11ms]
(pass) validateManifestSchema（strict） > 缺共享文件 → blocking [1.47ms]
(pass) validateManifestSchema（strict） > 重复路径 → blocking [1.81ms]
(pass) validateManifestSchema（strict） > 路径遍历 → blocking path-traversal [1.32ms]
(pass) validateManifestSchema（strict） > 绝对路径 → blocking [1.68ms]
(pass) validateManifestSchema（strict） > required 数低于最低门槛 → blocking（防"空清单让 bundleSha256 重算巧合通过"） [1.63ms]
(pass) verifyEngineeringResources > manifest 缺失：baseDir 不存在 → blocking manifest-missing [0.17ms]
(pass) verifyEngineeringResources > manifest 缺失但 baseDir 存在 → 明确诊断 manifest.json [0.48ms]
(pass) verifyEngineeringResources > strict schema 拦截缺品类 [2.02ms]
(pass) verifyEngineeringResources > 文件缺失（required） → blocking file-missing [2.77ms]
(pass) verifyEngineeringResources > 哈希错配（required） → blocking hash-mismatch [1.55ms]
(pass) verifyEngineeringResources > 大小错配（required） → blocking size-mismatch [1.44ms]
(pass) verifyEngineeringResources > 必需依赖缺失 → blocking dependency-missing [1.52ms]
(pass) verifyEngineeringResources > bundleSha256 与重算不一致 → blocking [1.36ms]
(pass) verifyEngineeringResources > kind=category 但 category 字段非枚举 → blocking category-mismatch [1.44ms]
(pass) verifyEngineeringResources > kind=category 但文件名不匹配 category → blocking [1.57ms]
(pass) verifyEngineeringResources > 全合规 → ok=true 且 issues 为空 [3.54ms]
(pass) verifyEngineeringResources > required=false 资源缺失 → 仅 warning 不阻塞 ok（仍需 strict schema 通过） [3.64ms]
(pass) loadEngineeringResources（仓库真实 fixture） > 在仓库根运行 → 命中真实资源目录；ok=true [2.42ms]
(pass) loadEngineeringResources（仓库真实 fixture） > 缺 manifest 的 fixture → manifest=null 但 verify.issues 明确诊断 [0.70ms]
(pass) verifyEngineeringResourcesAt > 默认入口 = 仓库真实资源；ok=true [2.69ms]
(pass) verifyEngineeringResourcesAt > 显式 templatesBase 注入 [3.23ms]
(pass) buildManifest > 基于真实资源目录生成 manifest：自动计算 sha256/size/version/依赖图 [2.44ms]
(pass) buildManifest > overrideSha256：覆盖后 bundleSha256 重算（父集成刷新场景） [2.25ms]
(pass) buildManifest > 依赖图：默认提供 6 品类 → 骨架双文件 + Spike 协议 + desktop → check_env.sh [0.33ms]
(pass) MIN_REQUIRED_ENTRIES 防"空清单让 bundleSha256 巧合通过" > 值 = REQUIRED_CATEGORIES + REQUIRED_SHARED_FILES = 11 [0.08ms]

apps/electron/src/main/lib/nanju-env-probe.test.ts:
(pass) parseEnvProbeLines（JSON 行解析） > Given 标准 JSON 行 When 解析 Then 组件清单逐行提取（ok/fail 均保留） [0.43ms]
(pass) parseEnvProbeLines（JSON 行解析） > Given 混杂 stderr/警告/畸形行 When 解析 Then 非 JSON 行跳过、畸形 JSON 跳过、字段异常丢弃 [0.09ms]
(pass) parseEnvProbeLines（JSON 行解析） > Given 空输出 When 解析 Then 空清单 [0.05ms]
(pass) buildEnvProbeSummaryLines / buildEnvProbeFailureLines > Given 探测结果 When 摘要 Then 组件/状态/版本逐行 + 探测时间头 [0.23ms]
(pass) buildEnvProbeSummaryLines / buildEnvProbeFailureLines > Given 失败原因 When 失败说明 Then 含原因 + 不跳过探测的自救指引 [0.07ms]
(pass) runEnvProbe（探测执行：成功落盘 / 幂等沿用 / 失败退化） > Given 项目内有效脚本 When 执行 Then env_probe.json 写入 03_ARCHITECTURE + 摘要行返回 [6.06ms]
(pass) runEnvProbe（探测执行：成功落盘 / 幂等沿用 / 失败退化） > Given env_probe.json 已存在 When 再跑 Then 直接沿用不重跑（坏脚本不被执行） [6.50ms]
(pass) runEnvProbe（探测执行：成功落盘 / 幂等沿用 / 失败退化） > Given 脚本未落位 When 执行 Then 退化失败说明（无子进程开销）不写文件 [0.54ms]
(pass) runEnvProbe（探测执行：成功落盘 / 幂等沿用 / 失败退化） > Given 脚本超时 When 执行 Then 失败说明含超时硬限 不写文件 [308.45ms]
(pass) runEnvProbe（探测执行：成功落盘 / 幂等沿用 / 失败退化） > Given 脚本无有效 JSON 输出 When 执行 Then 失败说明（输出不可判读） [3.39ms]
(pass) runEnvProbe（探测执行：成功落盘 / 幂等沿用 / 失败退化） > Given 仓库真实资源脚本（集成）When 执行 Then JSON 行可解析且含跨品类超集组件 [704.88ms]
(pass) runEnvProbe（探测执行：成功落盘 / 幂等沿用 / 失败退化） > Given 超时硬限常量 Then 为规格定死的 10s [0.09ms]
(pass) Task 10：isEnvProbeFresh（新鲜度判定，纯函数） > probedAt 在 maxAgeMs 内 + 无模板锚点 → fresh（within-age） [0.09ms]
(pass) Task 10：isEnvProbeFresh（新鲜度判定，纯函数） > probedAt 早于模板落地（模板升级未重跑）→ not fresh（before-template） [0.08ms]
(pass) Task 10：isEnvProbeFresh（新鲜度判定，纯函数） > probedAt 在模板落地之后 + 年龄内 → fresh（after-template） [0.04ms]
(pass) Task 10：isEnvProbeFresh（新鲜度判定，纯函数） > probedAt 超过 maxAgeMs → not fresh（stale-age） [0.05ms]
(pass) Task 10：isEnvProbeFresh（新鲜度判定，纯函数） > probedAt 不可解析 → not fresh（unparseable-probed-at） [0.04ms]
(pass) Task 10：isEnvProbeFresh（新鲜度判定，纯函数） > nowMs 注入测试可重现时间窗口 [0.05ms]
(pass) Task 10：isEnvProbeFresh（新鲜度判定，纯函数） > 默认 maxAgeMs = 24h（ENV_PROBE_DEFAULT_MAX_AGE_MS） [0.08ms]
(pass) Task 10：isEnvProbeFresh（新鲜度判定，纯函数） > ageMs 与 templateDeltaMs 字段正确 [0.05ms]
(pass) Task 10：runEnvProbe 接入 freshness（删除旧文件 + 重跑） > Given env_probe.json 已存在 + 早于模板落地 When 执行 Then 删除旧文件并重跑 [5.10ms]
(pass) Task 10：runEnvProbe 接入 freshness（删除旧文件 + 重跑） > Given env_probe.json 已存在 + 新鲜 When 执行 Then 不重跑直接沿用 [0.74ms]
(pass) Task 10：runEnvProbe 接入 freshness（删除旧文件 + 重跑） > forceRerun=true 忽略 freshness 直接重跑 [3.76ms]
(pass) Task 10：runEnvProbe 接入 category（品类扩展） > Given category=desktop-app When 执行 Then 输出含 desktop 扩展探测项 [5.24ms]
(pass) Task 10：runEnvProbe 接入 category（品类扩展） > Given category=mobile-app When 执行 Then 输出含 mobile 扩展探测项 [4.65ms]
(pass) Task 10：runEnvProbe 接入 category（品类扩展） > Given 未传 category（默认 universal）When 执行 Then 输出不含品类扩展项 [3.79ms]
(pass) Task 10：runEnvProbe 接入 category（品类扩展） > Given 仓库真实 check_env.sh + category=desktop-app（集成）When 执行 Then desktop 扩展探测项在场 [1702.55ms]
(pass) Task 10：getTemplateCopiedAt（模板时间锚点） > Given template-manifest.json 不存在 When 调用 Then null [0.45ms]
(pass) Task 10：getTemplateCopiedAt（模板时间锚点） > Given template-manifest.json 存在且含 copiedAt When 调用 Then 返回 ISO 字符串 [0.41ms]
(pass) Task 10：getTemplateCopiedAt（模板时间锚点） > Given template-manifest.json 损坏（JSON 错） When 调用 Then null（不抛） [0.50ms]
(pass) Task 10：getTemplateCopiedAt（模板时间锚点） > Given template-manifest.json 缺 copiedAt 字段 When 调用 Then null [0.57ms]
(pass) 系统时钟倒退时未来探测证据不视为新鲜 [0.08ms]

 160 pass
 0 fail
 435 expect() calls
Ran 160 tests across 3 files. [3.03s]
